Resolving dependencies...
Downloading packages...
  archive 4.0.9 (4.3.0 available)
  cached_network_image 3.4.1 (4.0.0 available)
  cached_network_image_platform_interface 4.1.1 (5.0.0 available)
  cached_network_image_web 1.3.1 (2.0.0 available)
  cli_util 0.4.2 (0.6.0 available)
  clock 1.1.2 (1.1.3 available)
  code_assets 1.2.1 (2.1.0 available)
  cross_file 0.3.5+4 (0.3.5+5 available)
  file_selector_linux 0.9.4 (0.9.4+1 available)
  file_selector_macos 0.9.5 (0.9.5+1 available)
  file_selector_windows 0.9.3+5 (0.9.3+6 available)
  flutter_cache_manager 3.4.1 (3.4.5 available)
  hooks 2.0.2 (2.2.0 available)
  image 4.9.1 (4.10.1 available)
  image_picker_android 0.8.13+19 (0.8.13+23 available)
  image_picker_ios 0.8.13+6 (0.8.13+7 available)
  intl 0.19.0 (0.20.3 available)
  jni 1.0.0 (1.0.3 available)
  jni_flutter 1.0.1 (1.0.3 available)
  matcher 0.12.19 (0.12.20 available)
  material_color_utilities 0.13.0 (0.13.1 available)
  meta 1.18.0 (1.19.0 available)
  mime 2.0.0 (2.1.0 available)
  objective_c 9.4.1 (9.6.0 available)
  package_config 2.2.0 (3.0.0 available)
  pdf 3.13.0 (3.13.1 available)
  platform 3.1.6 (3.2.0 available)
  printing 5.15.0 (5.15.1 available)
  pub_semver 2.2.0 (2.2.1 available)
  qr 3.0.2 (4.0.0 available)
  record_use 0.6.0 (1.1.1 available)
  share_plus 11.1.0 (13.3.0 available)
  share_plus_platform_interface 6.1.0 (7.2.0 available)
  shared_preferences_android 2.4.26 (2.4.28 available)
  shared_preferences_foundation 2.5.6 (2.5.7 available)
  speech_to_text 7.4.0 (7.5.0 available)
  speech_to_text_platform_interface 2.4.0 (2.5.0 available)
  sqflite 2.4.3 (2.4.4 available)
  sqflite_android 2.4.3 (2.4.4 available)
  sqflite_common 2.5.11 (2.5.13 available)
  sqflite_darwin 2.4.3+1 (2.4.4 available)
  sqflite_platform_interface 2.4.1 (2.4.2 available)
  stack_trace 1.12.1 (1.12.2 available)
  synchronized 3.4.1 (3.4.2 available)
  test_api 0.7.11 (0.7.14 available)
  url_launcher_android 6.3.32 (6.3.33 available)
  url_launcher_ios 6.4.1 (6.4.2 available)
  url_launcher_linux 3.2.2 (3.2.3 available)
  url_launcher_macos 3.2.5 (3.2.6 available)
  url_launcher_windows 3.1.5 (3.1.6 available)
  uuid 4.5.3 (4.6.0 available)
  vector_math 2.2.0 (2.4.3 available)
  vm_service 15.2.0 (15.3.0 available)
  win32 5.15.0 (6.4.0 available)
  yaml 3.1.3 (3.1.4 available)
Got dependencies!
55 packages have newer versions incompatible with dependency constraints.
Try `flutter pub outdated` for more information.
00:00 +0: loading C:/AI/python/e/app/test/widget_test.dart
00:00 +0: App launches smoke test
ΓòÉΓòÉΓòí EXCEPTION CAUGHT BY FLUTTER TEST FRAMEWORK Γò₧ΓòÉΓòÉΓòÉΓòÉΓòÉΓòÉΓòÉΓòÉΓòÉΓòÉΓòÉΓòÉΓòÉΓòÉΓòÉΓòÉΓòÉΓòÉΓòÉΓòÉΓòÉΓòÉΓòÉΓòÉΓòÉΓòÉΓòÉΓòÉΓòÉΓòÉΓòÉΓòÉΓòÉΓòÉΓòÉΓòÉΓòÉΓòÉΓòÉΓòÉΓòÉΓòÉΓòÉΓòÉΓòÉΓòÉΓòÉΓòÉΓòÉΓòÉΓòÉΓòÉ
The following TestFailure was thrown running a test:
Expected: exactly one matching candidate
  Actual: _TextWidgetFinder:<Found 0 widgets with text "DukanSmart": []>
   Which: means none were found but one was expected

When the exception was thrown, this was the stack:
#4      main.<anonymous closure> (file:///C:/AI/python/e/app/test/widget_test.dart:15:5)
<asynchronous suspension>
#5      testWidgets.<anonymous closure>.<anonymous closure> (package:flutter_test/src/widget_tester.dart:192:15)
<asynchronous suspension>
#6      TestWidgetsFlutterBinding._runTestBody (package:flutter_test/src/binding.dart:1952:5)
<asynchronous suspension>
<asynchronous suspension>
(elided one frame from package:stack_trace)

This was caught by the test expectation on the following line:
  file:///C:/AI/python/e/app/test/widget_test.dart line 15
The test description was:
  App launches smoke test
ΓòÉΓòÉΓòÉΓòÉΓòÉΓòÉΓòÉΓòÉΓòÉΓòÉΓòÉΓòÉΓòÉΓòÉΓòÉΓòÉΓòÉΓòÉΓòÉΓòÉΓòÉΓòÉΓòÉΓòÉΓòÉΓòÉΓòÉΓòÉΓòÉΓòÉΓòÉΓòÉΓòÉΓòÉΓòÉΓòÉΓòÉΓòÉΓòÉΓòÉΓòÉΓòÉΓòÉΓòÉΓòÉΓòÉΓòÉΓòÉΓòÉΓòÉΓòÉΓòÉΓòÉΓòÉΓòÉΓòÉΓòÉΓòÉΓòÉΓòÉΓòÉΓòÉΓòÉΓòÉΓòÉΓòÉΓòÉΓòÉΓòÉΓòÉΓòÉΓòÉΓòÉΓòÉΓòÉΓòÉΓòÉΓòÉΓòÉΓòÉΓòÉΓòÉΓòÉΓòÉΓòÉΓòÉΓòÉΓòÉΓòÉΓòÉΓòÉΓòÉΓòÉΓòÉΓòÉΓòÉΓòÉΓòÉΓòÉΓòÉ
00:00 +0 -1: App launches smoke test [E]
  Test failed. See exception logs above.
  The test description was: App launches smoke test
  
00:01 +0 -1: Some tests failed.

Failing tests:
  C:/AI/python/e/app/test/widget_test.dart: App launches smoke test
